Resource Usage Summary report for SimulacionFSM
Sun Jul  5 14:59:57 2026
Quartus Prime Version 25.1std.0 Build 1129 10/21/2025 SC Lite Edition


---------------------
; Table of Contents ;
---------------------
  1. Legal Notice
  2. Analysis & Synthesis Resource Usage Summary



----------------
; Legal Notice ;
----------------
Copyright (C) 2025  Altera Corporation. All rights reserved.
Your use of Altera Corporation's design tools, logic functions 
and other software and tools, and any partner logic 
functions, and any output files from any of the foregoing 
(including device programming or simulation files), and any 
associated documentation or information are expressly subject 
to the terms and conditions of the Altera Program License 
Subscription Agreement, the Altera Quartus Prime License Agreement,
the Altera IP License Agreement, or other applicable license
agreement, including, without limitation, that your use is for
the sole purpose of programming logic devices manufactured by
Altera and sold by Altera or its authorized distributors.  Please
refer to the Altera Software License Subscription Agreements 
on the Quartus Prime software download page.



+-----------------------------------------------------------+
; Analysis & Synthesis Resource Usage Summary               ;
+---------------------------------------------+-------------+
; Resource                                    ; Usage       ;
+---------------------------------------------+-------------+
; Estimated Total logic elements              ; 1,454       ;
;                                             ;             ;
; Total combinational functions               ; 1088        ;
; Logic element usage by number of LUT inputs ;             ;
;     -- 4 input functions                    ; 646         ;
;     -- 3 input functions                    ; 230         ;
;     -- <=2 input functions                  ; 212         ;
;                                             ;             ;
; Logic elements by mode                      ;             ;
;     -- normal mode                          ; 990         ;
;     -- arithmetic mode                      ; 98          ;
;                                             ;             ;
; Total registers                             ; 904         ;
;     -- Dedicated logic registers            ; 904         ;
;     -- I/O registers                        ; 0           ;
;                                             ;             ;
; I/O pins                                    ; 5           ;
; Total memory bits                           ; 512         ;
;                                             ;             ;
; Embedded Multiplier 9-bit elements          ; 0           ;
;                                             ;             ;
; Maximum fan-out node                        ; rst_n~input ;
; Maximum fan-out                             ; 497         ;
; Total fan-out                               ; 6878        ;
; Average fan-out                             ; 3.41        ;
+---------------------------------------------+-------------+


